error: could not compile `bingxi-backend` (lib) due to 562 previous errors; 191
 warnings emitted
